// Jest Snapshot v1, https://goo.gl/fbAQLP

exports[`should match snapshot 1`] = `
<DocumentFragment>
  <div
    class="CreateAccountPage"
  >
    <form
      action="api/users/new"
      method="POST"
    >
      <h1>
        Create an Account
      </h1>
      <label
        for="username"
      >
        Username
      </label>
      <input
        id="username"
        name="username"
        type="text"
        value=""
      />
      <label
        for="password"
      >
        Password
      </label>
      <input
        id="password"
        name="password"
        type="password"
        value=""
      />
      <button>
        Sign Up
      </button>
    </form>
  </div>
</DocumentFragment>
`;
