// Jest Snapshot v1, https://goo.gl/fbAQLP

exports[`should match snapshot 1`] = `
<DocumentFragment>
  <div
    class="LoginPage"
  >
    <form>
      <h1>
        Sign In
      </h1>
      <label
        for="username"
      >
        Username
      </label>
      <input
        id="username"
        name="username"
        type="text"
        value=""
      />
      <label
        for="password"
      >
        Password
      </label>
      <input
        id="password"
        name="password"
        type="password"
        value=""
      />
      <button>
        Login
      </button>
      <a
        href="/users/new"
      >
        Create User
      </a>
    </form>
  </div>
</DocumentFragment>
`;
